{
  "unique_id": "270011/11/2025/000300",
  "data_points": {
    "receipt_amount": "229843",
    "receipt_date": "30-12-2024",
    "tds": "25538.11"
  }
}