{
  "unique_id": "2502002624C050122001",
  "data_points": {
    "receipt_amount": "3838.00",
    "receipt_date": "29-01-2025",
    "tds": "426.44"
  }
}